******************************************************************************
                  MSP430 Linker PC v4.0.0                      
******************************************************************************
>> Linked Fri Apr 05 12:33:25 2013

OUTPUT FILE NAME:   <USB3pt2DaysimeterIthaca.out>
ENTRY POINT SYMBOL: "_c_int00"  address: 000045f8


MEMORY CONFIGURATION

         name            origin    length      used     unused   attr    fill
----------------------  --------  ---------  --------  --------  ----  --------
  SFR                   00000000   00000010  00000000  00000010  RWIX
  PERIPHERALS_8BIT      00000010   000000f0  00000000  000000f0  RWIX
  PERIPHERALS_16BIT     00000100   00000100  00000000  00000100  RWIX
  INFOD                 00001800   00000080  00000000  00000080  RWIX
  INFOC                 00001880   00000080  00000000  00000080  RWIX
  INFOB                 00001900   00000080  00000000  00000080  RWIX
  INFOA                 00001980   00000080  00000000  00000080  RWIX
  RAM                   00002400   00002000  000009e2  0000161e  RWIX
  FLASH                 00004400   0000bb80  00005400  00006780  RWIX
  INT00                 0000ff80   00000002  00000000  00000002  RWIX
  INT01                 0000ff82   00000002  00000000  00000002  RWIX
  INT02                 0000ff84   00000002  00000000  00000002  RWIX
  INT03                 0000ff86   00000002  00000000  00000002  RWIX
  INT04                 0000ff88   00000002  00000000  00000002  RWIX
  INT05                 0000ff8a   00000002  00000000  00000002  RWIX
  INT06                 0000ff8c   00000002  00000000  00000002  RWIX
  INT07                 0000ff8e   00000002  00000000  00000002  RWIX
  INT08                 0000ff90   00000002  00000000  00000002  RWIX
  INT09                 0000ff92   00000002  00000000  00000002  RWIX
  INT10                 0000ff94   00000002  00000000  00000002  RWIX
  INT11                 0000ff96   00000002  00000000  00000002  RWIX
  INT12                 0000ff98   00000002  00000000  00000002  RWIX
  INT13                 0000ff9a   00000002  00000000  00000002  RWIX
  INT14                 0000ff9c   00000002  00000000  00000002  RWIX
  INT15                 0000ff9e   00000002  00000000  00000002  RWIX
  INT16                 0000ffa0   00000002  00000000  00000002  RWIX
  INT17                 0000ffa2   00000002  00000000  00000002  RWIX
  INT18                 0000ffa4   00000002  00000000  00000002  RWIX
  INT19                 0000ffa6   00000002  00000000  00000002  RWIX
  INT20                 0000ffa8   00000002  00000000  00000002  RWIX
  INT21                 0000ffaa   00000002  00000000  00000002  RWIX
  INT22                 0000ffac   00000002  00000000  00000002  RWIX
  INT23                 0000ffae   00000002  00000000  00000002  RWIX
  INT24                 0000ffb0   00000002  00000000  00000002  RWIX
  INT25                 0000ffb2   00000002  00000000  00000002  RWIX
  INT26                 0000ffb4   00000002  00000000  00000002  RWIX
  INT27                 0000ffb6   00000002  00000000  00000002  RWIX
  INT28                 0000ffb8   00000002  00000000  00000002  RWIX
  INT29                 0000ffba   00000002  00000000  00000002  RWIX
  INT30                 0000ffbc   00000002  00000000  00000002  RWIX
  INT31                 0000ffbe   00000002  00000000  00000002  RWIX
  INT32                 0000ffc0   00000002  00000000  00000002  RWIX
  INT33                 0000ffc2   00000002  00000000  00000002  RWIX
  INT34                 0000ffc4   00000002  00000000  00000002  RWIX
  INT35                 0000ffc6   00000002  00000000  00000002  RWIX
  INT36                 0000ffc8   00000002  00000000  00000002  RWIX
  INT37                 0000ffca   00000002  00000000  00000002  RWIX
  INT38                 0000ffcc   00000002  00000000  00000002  RWIX
  INT39                 0000ffce   00000002  00000000  00000002  RWIX
  INT40                 0000ffd0   00000002  00000000  00000002  RWIX
  INT41                 0000ffd2   00000002  00000000  00000002  RWIX
  INT42                 0000ffd4   00000002  00000000  00000002  RWIX
  INT43                 0000ffd6   00000002  00000000  00000002  RWIX
  INT44                 0000ffd8   00000002  00000000  00000002  RWIX
  INT45                 0000ffda   00000002  00000000  00000002  RWIX
  INT46                 0000ffdc   00000002  00000000  00000002  RWIX
  INT47                 0000ffde   00000002  00000000  00000002  RWIX
  INT48                 0000ffe0   00000002  00000000  00000002  RWIX
  INT49                 0000ffe2   00000002  00000000  00000002  RWIX
  INT50                 0000ffe4   00000002  00000000  00000002  RWIX
  INT51                 0000ffe6   00000002  00000002  00000000  RWIX
  INT52                 0000ffe8   00000002  00000000  00000002  RWIX
  INT53                 0000ffea   00000002  00000002  00000000  RWIX
  INT54                 0000ffec   00000002  00000002  00000000  RWIX
  INT55                 0000ffee   00000002  00000002  00000000  RWIX
  INT56                 0000fff0   00000002  00000000  00000002  RWIX
  INT57                 0000fff2   00000002  00000000  00000002  RWIX
  INT58                 0000fff4   00000002  00000000  00000002  RWIX
  INT59                 0000fff6   00000002  00000002  00000000  RWIX
  INT60                 0000fff8   00000002  00000000  00000002  RWIX
  INT61                 0000fffa   00000002  00000002  00000000  RWIX
  INT62                 0000fffc   00000002  00000000  00000002  RWIX
  RESET                 0000fffe   00000002  00000002  00000000  RWIX
  FLASH2                00010000   00014400  00000000  00014400  RWIX


SECTION ALLOCATION MAP

 output                                  attributes/
section   page    origin      length       input sections
--------  ----  ----------  ----------   ----------------
.pinit     0    00004400    00000000     UNINITIALIZED

.bss       0    00002400    00000942     UNINITIALIZED
                  00002400    0000044a     MSC_DaysimMain.obj (.bss)
                  0000284a    000001de     UsbMscScsi.obj (.bss)
                  00002a28    00000146     i2c.obj (.bss)
                  00002b6e    00000134     ADXL.obj (.bss)
                  00002ca2    00000046     usb.obj (.bss)
                  00002ce8    00000036     opticalsensor.obj (.bss)
                  00002d1e    00000008     dma.obj (.bss)
                  00002d26    00000008     eeprom.obj (.bss)
                  00002d2e    00000008     rts430x.lib : _lock.obj (.bss)
                  00002d36    00000008                 : boot.obj (.bss)
                  00002d3e    00000002     log.obj (.bss)
                  00002d40    00000002     timers.obj (.bss)

.stack     0    00004360    000000a0     UNINITIALIZED
                  00004360    00000002     rts430x.lib : boot.obj (.stack)
                  00004362    0000009e     --HOLE--

.text:_isr 
*          0    00004400    00000244     
                  00004400    0000010e     UsbIsr.obj (.text:_isr:iUsbInterruptHandler)
                  0000450e    00000082     opticalsensor.obj (.text:_isr:ADC12ISR)
                  00004590    0000003e     MSC_DaysimMain.obj (.text:_isr:UNMI_ISR)
                  000045ce    0000002a     i2c.obj (.text:_isr:USCI_B0_ISR)
                  000045f8    0000002a     rts430x.lib : boot.obj (.text:_isr:_c_int00_noexit)
                  00004622    00000016     timers.obj (.text:_isr:TIMERB0_ISR)
                  00004638    0000000c     timers.obj (.text:_isr:TIMER0_A0_ISR)

.cinit     0    00004644    000000aa     
                  00004644    00000038     MSC_DaysimMain.obj (.cinit)
                  0000467c    0000002a     UsbMscScsi.obj (.cinit)
                  000046a6    00000018     usb.obj (.cinit)
                  000046be    00000014     eeprom.obj (.cinit)
                  000046d2    0000000e     opticalsensor.obj (.cinit)
                  000046e0    00000006     ADXL.obj (.cinit)
                  000046e6    00000006     log.obj (.cinit)
                  000046ec    00000002     --HOLE-- [fill = 0]

.text      0    000046ee    000042f4     
                  000046ee    000003e2     UsbMscScsi.obj (.text:MSCFromHostToBuffer)
                  00004ad0    0000039a     UsbMscScsi.obj (.text:USBMSC_bufferProcessed)
                  00004e6a    000002d6     UsbMscScsi.obj (.text:MSCToHostFromBuffer)
                  00005140    0000022e     UsbMscScsi.obj (.text:Scsi_Cmd_Parser)
                  0000536e    0000022c     opticalsensor.obj (.text:readRGB)
                  0000559a    0000021a     ADXL.obj (.text:readADXL)
                  000057b4    000001ca     MSC_DaysimMain.obj (.text:main)
                  0000597e    00000154     UsbMscScsi.obj (.text:USBMSC_updateMediaInfo)
                  00005ad2    00000132     UsbMscScsi.obj (.text:Scsi_Inquiry)
                  00005c04    00000132     eeprom.obj (.text:eepromNum2Ascii)
                  00005d36    00000130     usb.obj (.text:USB_reset)
                  00005e66    00000130     rts430x.lib : fs_add.obj (.text)
                  00005f96    0000012a     UsbMscScsi.obj (.text:Scsi_Write10)
                  000060c0    0000012a     ADXL.obj (.text:findActivityArray)
                  000061ea    00000122     eeprom.obj (.text:eepromFindAddress)
                  0000630c    0000010c     UsbMscScsi.obj (.text:Check_CBW)
                  00006418    00000104     UsbMscScsi.obj (.text:Scsi_Read10)
                  0000651c    00000104     UsbMscScsi.obj (.text:Scsi_Request_Sense)
                  00006620    000000f6     opticalsensor.obj (.text:logRGB)
                  00006716    000000ec     UsbMscStateMachine.obj (.text:USBMSC_poll)
                  00006802    000000e4     HAL_UCS.obj (.text:Init_FLL)
                  000068e6    000000de     usb.obj (.text:USB_InitSerialStringDescriptor)
                  000069c4    000000dc     log.obj (.text:log)
                  00006aa0    000000d4     HAL_PMM.obj (.text:SetVCoreUp)
                  00006b74    000000c0     eeprom.obj (.text:eepromLog)
                  00006c34    000000ba     eeprom.obj (.text:ReadLBA)
                  00006cee    000000b6     rts430x.lib : fs_mpy.obj (.text)
                  00006da4    000000ac     UsbMscScsi.obj (.text:USBMSC_registerBufInfo)
                  00006e50    0000009a     HAL_PMM.obj (.text:SetVCoreDown)
                  00006eea    00000096     usb.obj (.text:USB_connectionState)
                  00006f80    00000092     usb.obj (.text:usbDecodeAndProcessUsbRequest)
                  00007012    0000008e     rts430x.lib : fs_div.obj (.text)
                  000070a0    0000008e     ADXL.obj (.text:setupADXL)
                  0000712e    0000008e     usb.obj (.text:usbGetEndpointStatus)
                  000071bc    0000008a     usb.obj (.text:USB_enable)
                  00007246    00000086     UsbMscScsi.obj (.text:Reset_RequestSenseResponse)
                  000072cc    00000084     UsbMscScsi.obj (.text:Scsi_Unknown_Request)
                  00007350    0000007e     rts430x.lib : fs_tol.obj (.text)
                  000073ce    0000007c     usb.obj (.text:usbClearEndpointFeature)
                  0000744a    00000072     UsbMscScsi.obj (.text:MscCopyUsbToBuff)
                  000074bc    00000072     eeprom.obj (.text:WriteLBA)
                  0000752e    00000072     eeprom.obj (.text:eepromAscii2Num)
                  000075a0    0000006e     ADXL.obj (.text:ADXLreset)
                  0000760e    0000006e     eeprom.obj (.text:eepromWrite)
                  0000767c    0000006c     usb.obj (.text:usbSendNextPacketOnIEP0)
                  000076e8    00000066     usb.obj (.text:USB_init)
                  0000774e    00000062     UsbMscScsi.obj (.text:MscSendData)
                  000077b0    00000062     timers.obj (.text:tbDelayMode)
                  00007812    00000060     MSC_DaysimMain.obj (.text:Init_Ports)
                  00007872    00000060     eeprom.obj (.text:eepromReset)
                  000078d2    0000005e     eeprom.obj (.text:eepromRead)
                  00007930    0000005c     timers.obj (.text:tbDelay)
                  0000798c    00000058     rts430x.lib : div32u.obj (.text)
                  000079e4    00000056     i2c.obj (.text:i2cReceive)
                  00007a3a    00000054     UsbMscScsi.obj (.text:Scsi_Verify_CBW)
                  00007a8e    00000052     ADXL.obj (.text:findActivity)
                  00007ae0    00000050     usb.obj (.text:usbReceiveNextPacketOnOEP0)
                  00007b30    0000004c     UsbMscScsi.obj (.text:Msc_ResetStruct)
                  00007b7c    0000004a     HAL_TLV.obj (.text:Get_TLV_Info)
                  00007bc6    0000004a     rts430x.lib : fs_ltof.obj (.text)
                  00007c10    00000048     UsbIsr.obj (.text:PWRVBUSoffHandler)
                  00007c58    00000048     UsbIsr.obj (.text:SetupPacketInterruptHandler)
                  00007ca0    00000048     usb.obj (.text:usbSetEndpointFeature)
                  00007ce8    00000046     usbEventHandling.obj (.text:USB_handleVbusOnEvent)
                  00007d2e    00000046     rts430x.lib : autoinit.obj (.text:_auto_init)
                  00007d74    00000046     i2c.obj (.text:i2cTransmit)
                  00007dba    00000046     rts430x.lib : fs_tou.obj (.text)
                  00007e00    00000046     usb.obj (.text:usbGetStringDescriptor)
                  00007e46    00000044     eeprom.obj (.text:eepromMarkReset)
                  00007e8a    00000044     eeprom.obj (.text:flashWriteLBA)
                  00007ece    00000042     UsbMscScsi.obj (.text:USBMSC_getState)
                  00007f10    00000040     HAL_PMM.obj (.text:SetVCore)
                  00007f50    00000040     usbEventHandling.obj (.text:USB_handleVbusOffEvent)
                  00007f90    00000040     eeprom.obj (.text:eepromWriteLBA)
                  00007fd0    00000040     rts430x.lib : div32s.obj (.text)
                  00008010    0000003e                 : asr32.obj (.text:l_asr_const)
                  0000804e    0000003e                 : lsl32.obj (.text:l_lsl_const)
                  0000808c    0000003e                 : lsr32.obj (.text:l_lsr_const)
                  000080ca    0000003c     UsbMscScsi.obj (.text:Scsi_Mode_Sense10)
                  00008106    0000003c     UsbMscScsi.obj (.text:Scsi_Mode_Sense6)
                  00008142    0000003c     UsbMscScsi.obj (.text:Scsi_Send_CSW)
                  0000817e    00000038     dma.obj (.text:USB_initMemcpy)
                  000081b6    00000036     UsbIsr.obj (.text:PWRVBUSonHandler)
                  000081ec    00000034     UsbMscReq.obj (.text:USBMSC_reset)
                  00008220    00000034     i2c.obj (.text:i2cActivate)
                  00008254    00000032     usb.obj (.text:USB_suspend)
                  00008286    00000032     usb.obj (.text:usbSetInterface)
                  000082b8    00000030     UsbMscStateMachine.obj (.text:Msc_ResetStateMachine)
                  000082e8    00000030     usb.obj (.text:USB_connectionInfo)
                  00008318    00000030     HAL_UCS.obj (.text:XT2_Start)
                  00008348    00000030     dma.obj (.text:memcpyDMA0)
                  00008378    0000002e     eeprom.obj (.text:eepromGetPeriod)
                  000083a6    0000002c     UsbMscScsi.obj (.text:MscResetCtrlLun)
                  000083d2    0000002c     rts430x.lib : div16s.obj (.text)
                  000083fe    0000002a     UsbMscScsi.obj (.text:Scsi_Read_Capacity10)
                  00008428    0000002a     opticalsensor.obj (.text:readBatVolt)
                  00008452    0000002a     usb.obj (.text:usbGetDeviceStatus)
                  0000847c    00000028     MSC_DaysimMain.obj (.text:Init_Clock)
                  000084a4    00000028     UsbMscScsi.obj (.text:SET_RequestsenseMediaNotPresent)
                  000084cc    00000028     UsbMscScsi.obj (.text:SET_RequestsenseNotReady)
                  000084f4    00000028     UsbMscScsi.obj (.text:Scsi_Report_Luns)
                  0000851c    00000026     opticalsensor.obj (.text:RGBreset)
                  00008542    00000024     UsbIsr.obj (.text:OEP0InterruptHandler)
                  00008566    00000022     UsbMscScsi.obj (.text:MscResetData)
                  00008588    00000022     usb.obj (.text:USB_disable)
                  000085aa    00000022     eeprom.obj (.text:eepromReadLBA)
                  000085cc    00000022     dma.obj (.text:memcpyV)
                  000085ee    00000022     rts430x.lib : mult32_f5hw.obj (.text)
                  00008610    00000022     usb.obj (.text:usbSendDataPacketOnEP0)
                  00008632    00000020     usb.obj (.text:usbSetAddress)
                  00008652    00000020     usb.obj (.text:usbSetConfiguration)
                  00008672    0000001e     eeprom.obj (.text:eepromSetStatus)
                  00008690    0000001e     ADXL.obj (.text:stopADXL)
                  000086ae    0000001e     usb.obj (.text:usbGetInterface)
                  000086cc    0000001e     usb.obj (.text:usbGetInterfaceStatus)
                  000086ea    0000001c     UsbIsr.obj (.text:IEP0InterruptHandler)
                  00008706    0000001a     UsbMscReq.obj (.text:Get_MaxLUN)
                  00008720    0000001a     MSC_DaysimMain.obj (.text:Init_StartUp)
                  0000873a    0000001a     usb.obj (.text:USB_connect)
                  00008754    0000001a     rts430x.lib : mult1632_f5hw.obj (.text:__mpysl)
                  0000876e    0000001a                 : mult1632_f5hw.obj (.text:__mpyul)
                  00008788    0000001a     eeprom.obj (.text:eepromGetStatus)
                  000087a2    0000001a     timers.obj (.text:taStart)
                  000087bc    0000001a     UsbMscScsi.obj (.text:usbStallEndpoint)
                  000087d6    00000018     UsbMscScsi.obj (.text:Scsi_Test_Unit_Ready)
                  000087ee    00000018     usb.obj (.text:USB_resume)
                  00008806    00000018     rts430x.lib : strchr.obj (.text:strchr)
                  0000881e    00000018     usb.obj (.text:usbClearDeviceFeature)
                  00008836    00000018     usb.obj (.text:usbSetDeviceFeature)
                  0000884e    00000016     rts430x.lib : div16u.obj (.text)
                  00008864    00000016                 : mult16_f5hw.obj (.text)
                  0000887a    00000016     usb.obj (.text:usbGetConfigurationDescriptor)
                  00008890    00000016     usb.obj (.text:usbGetDeviceDescriptor)
                  000088a6    00000016     UsbMscScsi.obj (.text:usbStallOutEndpoint)
                  000088bc    00000014     eeprom.obj (.text:logBatteryHours)
                  000088d0    00000014     rts430x.lib : memset.obj (.text:memset)
                  000088e4    00000014     usb.obj (.text:usbGetConfiguration)
                  000088f8    00000012     rts430x.lib : memcpy.obj (.text:memcpy)
                  0000890a    00000012     UsbMscScsi.obj (.text:usbClearOEPByteCount)
                  0000891c    00000012     UsbMscScsi.obj (.text:usbStallInEndpoint)
                  0000892e    0000000e     eeprom.obj (.text:BatteryVoltage)
                  0000893c    0000000e     timers.obj (.text:taStop)
                  0000894a    0000000e     usb.obj (.text:usbInvalidRequest)
                  00008958    0000000e     usb.obj (.text:usbSendZeroLengthPacketOnIEP0)
                  00008966    0000000a     rts430x.lib : lsl16.obj (.text)
                  00008970    0000000a     usb.obj (.text:usbStallEndpoint0)
                  0000897a    00000008     usb.obj (.text:USB_setEnabledEvents)
                  00008982    00000008     HAL_UCS.obj (.text:XT2_Stop)
                  0000898a    00000008     timers.obj (.text:wdOff)
                  00008992    00000008     timers.obj (.text:wdReset_1000)
                  0000899a    00000008     timers.obj (.text:wdReset_16000)
                  000089a2    00000006     UsbMscScsi.obj (.text:Msc_ResetFlags)
                  000089a8    00000006     UsbMscScsi.obj (.text:USBMSC_fetchInfoStruct)
                  000089ae    00000006     usb.obj (.text:USB_getVersion)
                  000089b4    00000006     usb.obj (.text:usbClearOEP0ByteCount)
                  000089ba    00000006     usb.obj (.text:usbStallOEP0)
                  000089c0    00000004     usbEventHandling.obj (.text:USBMSC_handleBufferEvent)
                  000089c4    00000004     usbEventHandling.obj (.text:USB_handleClockEvent)
                  000089c8    00000004     usbEventHandling.obj (.text:USB_handleEnumCompleteEvent)
                  000089cc    00000004     usbEventHandling.obj (.text:USB_handleResetEvent)
                  000089d0    00000004     usbEventHandling.obj (.text:USB_handleResumeEvent)
                  000089d4    00000004     usbEventHandling.obj (.text:USB_handleSuspendEvent)
                  000089d8    00000004     rts430x.lib : pre_init.obj (.text:_system_pre_init)
                  000089dc    00000004                 : exit.obj (.text:abort)
                  000089e0    00000002                 : _lock.obj (.text:_nop)

.const     0    000089e2    0000021e     
                  000089e2    000000fc     descriptors.obj (.const:tUsbRequestList)
                  00008ade    0000008a     descriptors.obj (.const:abromStringDescriptor)
                  00008b68    00000024     UsbMscScsi.obj (.const:bScsi_Standard_Inquiry_Data)
                  00008b8c    00000020     usb.obj (.const:.string)
                  00008bac    00000020     descriptors.obj (.const)
                  00008bcc    00000012     descriptors.obj (.const:abromDeviceDescriptor)
                  00008bde    00000010     UsbMscScsi.obj (.const)
                  00008bee    00000010     descriptors.obj (.const:stUsbHandle)
                  00008bfe    00000002     MSC_DaysimMain.obj (.const)

MYDRIVE    0    0000d000    00000c00     
                  0000d000    00000c00     AndyMscFseData32kEEPROM.obj (MYDRIVE)

.int51     0    0000ffe6    00000002     
                  0000ffe6    00000002     UsbIsr.obj (.int51)

.int53     0    0000ffea    00000002     
                  0000ffea    00000002     timers.obj (.int53)

.int54     0    0000ffec    00000002     
                  0000ffec    00000002     opticalsensor.obj (.int54)

.int55     0    0000ffee    00000002     
                  0000ffee    00000002     i2c.obj (.int55)

.int59     0    0000fff6    00000002     
                  0000fff6    00000002     timers.obj (.int59)

.int61     0    0000fffa    00000002     
                  0000fffa    00000002     MSC_DaysimMain.obj (.int61)

.reset     0    0000fffe    00000002     
                  0000fffe    00000002     rts430x.lib : boot.obj (.reset)


GLOBAL SYMBOLS: SORTED ALPHABETICALLY BY Name 

address    name
--------   ----
00002400   .bss
ffffffff   .text
00002ce8   A0results
00002cfa   A11results
00002cee   A1results
00002cf4   A2results
00000700   ADC12CTL0
00000701   ADC12CTL0_H
00000700   ADC12CTL0_L
00000702   ADC12CTL1
00000703   ADC12CTL1_H
00000702   ADC12CTL1_L
00000704   ADC12CTL2
00000705   ADC12CTL2_H
00000704   ADC12CTL2_L
0000070c   ADC12IE
0000070d   ADC12IE_H
0000070c   ADC12IE_L
0000070a   ADC12IFG
0000070b   ADC12IFG_H
0000070a   ADC12IFG_L
0000450e   ADC12ISR
0000070e   ADC12IV
0000070f   ADC12IV_H
0000070e   ADC12IV_L
00000710   ADC12MCTL0
00000711   ADC12MCTL1
0000071a   ADC12MCTL10
0000071b   ADC12MCTL11
0000071c   ADC12MCTL12
0000071d   ADC12MCTL13
0000071e   ADC12MCTL14
0000071f   ADC12MCTL15
00000712   ADC12MCTL2
00000713   ADC12MCTL3
00000714   ADC12MCTL4
00000715   ADC12MCTL5
00000716   ADC12MCTL6
00000717   ADC12MCTL7
00000718   ADC12MCTL8
00000719   ADC12MCTL9
00000720   ADC12MEM0
00000721   ADC12MEM0_H
00000720   ADC12MEM0_L
00000722   ADC12MEM1
00000734   ADC12MEM10
00000735   ADC12MEM10_H
00000734   ADC12MEM10_L
00000736   ADC12MEM11
00000737   ADC12MEM11_H
00000736   ADC12MEM11_L
00000738   ADC12MEM12
00000739   ADC12MEM12_H
00000738   ADC12MEM12_L
0000073a   ADC12MEM13
0000073b   ADC12MEM13_H
0000073a   ADC12MEM13_L
0000073c   ADC12MEM14
0000073d   ADC12MEM14_H
0000073c   ADC12MEM14_L
0000073e   ADC12MEM15
0000073f   ADC12MEM15_H
0000073e   ADC12MEM15_L
00000723   ADC12MEM1_H
00000722   ADC12MEM1_L
00000724   ADC12MEM2
00000725   ADC12MEM2_H
00000724   ADC12MEM2_L
00000726   ADC12MEM3
00000727   ADC12MEM3_H
00000726   ADC12MEM3_L
00000728   ADC12MEM4
00000729   ADC12MEM4_H
00000728   ADC12MEM4_L
0000072a   ADC12MEM5
0000072b   ADC12MEM5_H
0000072a   ADC12MEM5_L
0000072c   ADC12MEM6
0000072d   ADC12MEM6_H
0000072c   ADC12MEM6_L
0000072e   ADC12MEM7
0000072f   ADC12MEM7_H
0000072e   ADC12MEM7_L
00000730   ADC12MEM8
00000731   ADC12MEM8_H
00000730   ADC12MEM8_L
00000732   ADC12MEM9
00000733   ADC12MEM9_H
00000732   ADC12MEM9_L
000075a0   ADXLreset
00002c9e   Activity
00008bfe   BYTES_PER_BLOCK
0000892e   BatteryVoltage
00002d04   Blue
000089dc   C$$EXIT
000008c0   CBCTL0
000008c1   CBCTL0_H
000008c0   CBCTL0_L
000008c2   CBCTL1
000008c3   CBCTL1_H
000008c2   CBCTL1_L
000008c4   CBCTL2
000008c5   CBCTL2_H
000008c4   CBCTL2_L
000008c6   CBCTL3
000008c7   CBCTL3_H
000008c6   CBCTL3_L
000008cc   CBINT
000008cd   CBINT_H
000008cc   CBINT_L
000008ce   CBIV
00000150   CRCDI
00000152   CRCDIRB
00000153   CRCDIRB_H
00000152   CRCDIRB_L
00000151   CRCDI_H
00000150   CRCDI_L
00000154   CRCINIRES
00000155   CRCINIRES_H
00000154   CRCINIRES_L
00000156   CRCRESR
00000157   CRCRESR_H
00000156   CRCRESR_L
0000630c   Check_CBW
00000510   DMA0CTL
00000511   DMA0CTL_H
00000510   DMA0CTL_L
00000516   DMA0DA
00000516   DMA0DAL
00000512   DMA0SA
00000512   DMA0SAL
0000051a   DMA0SZ
00000520   DMA1CTL
00000521   DMA1CTL_H
00000520   DMA1CTL_L
00000526   DMA1DA
00000526   DMA1DAL
00000522   DMA1SA
00000522   DMA1SAL
0000052a   DMA1SZ
00000530   DMA2CTL
00000531   DMA2CTL_H
00000530   DMA2CTL_L
00000536   DMA2DA
00000536   DMA2DAL
00000532   DMA2SA
00000532   DMA2SAL
0000053a   DMA2SZ
00000500   DMACTL0
00000501   DMACTL0_H
00000500   DMACTL0_L
00000502   DMACTL1
00000503   DMACTL1_H
00000502   DMACTL1_L
00000504   DMACTL2
00000505   DMACTL2_H
00000504   DMACTL2_L
00000506   DMACTL3
00000507   DMACTL3_H
00000506   DMACTL3_L
00000508   DMACTL4
00000509   DMACTL4_H
00000508   DMACTL4_L
0000050e   DMAIV
0000050f   DMAIV_H
0000050e   DMAIV_L
0000d400   FAT
0000d800   FAT_Const
00000140   FCTL1
00000141   FCTL1_H
00000140   FCTL1_L
00000144   FCTL3
00000145   FCTL3_H
00000144   FCTL3_L
00000146   FCTL4
00000147   FCTL4_H
00000146   FCTL4_L
00008706   Get_MaxLUN
00007b7c   Get_TLV_Info
00002d02   Green
000086ea   IEP0InterruptHandler
00008966   I_LSL
0000847c   Init_Clock
00006802   Init_FLL
00007812   Init_Ports
00008720   Init_StartUp
00008048   L_ASR_1
00008024   L_ASR_10
00008020   L_ASR_11
0000801c   L_ASR_12
00008018   L_ASR_13
00008014   L_ASR_14
00008010   L_ASR_15
00008044   L_ASR_2
00008040   L_ASR_3
0000803c   L_ASR_4
00008038   L_ASR_5
00008034   L_ASR_6
00008030   L_ASR_7
0000802c   L_ASR_8
00008028   L_ASR_9
00008086   L_LSL_1
00008062   L_LSL_10
0000805e   L_LSL_11
0000805a   L_LSL_12
00008056   L_LSL_13
00008052   L_LSL_14
0000804e   L_LSL_15
00008082   L_LSL_2
0000807e   L_LSL_3
0000807a   L_LSL_4
00008076   L_LSL_5
00008072   L_LSL_6
0000806e   L_LSL_7
0000806a   L_LSL_8
00008066   L_LSL_9
000080c4   L_LSR_1
000080a0   L_LSR_10
0000809c   L_LSR_11
00008098   L_LSR_12
00008094   L_LSR_13
00008090   L_LSR_14
0000808c   L_LSR_15
000080c0   L_LSR_2
000080bc   L_LSR_3
000080b8   L_LSR_4
000080b4   L_LSR_5
000080b0   L_LSR_6
000080ac   L_LSR_7
000080a8   L_LSR_8
000080a4   L_LSR_9
000004c4   MAC
000004da   MAC32H
000004db   MAC32H_H
000004da   MAC32H_L
000004d8   MAC32L
000004d9   MAC32L_H
000004d8   MAC32L_L
000004c6   MACS
000004de   MACS32H
000004df   MACS32H_H
000004de   MACS32H_L
000004dc   MACS32L
000004dd   MACS32L_H
000004dc   MACS32L_L
000004c7   MACS_H
000004c6   MACS_L
000004c5   MAC_H
000004c4   MAC_L
0000d000   MBR
000004c0   MPY
000004ec   MPY32CTL0
000004ed   MPY32CTL0_H
000004ec   MPY32CTL0_L
000004d2   MPY32H
000004d3   MPY32H_H
000004d2   MPY32H_L
000004d0   MPY32L
000004d1   MPY32L_H
000004d0   MPY32L_L
000004c2   MPYS
000004d6   MPYS32H
000004d7   MPYS32H_H
000004d6   MPYS32H_L
000004d4   MPYS32L
000004d5   MPYS32L_H
000004d4   MPYS32L_L
000004c3   MPYS_H
000004c2   MPYS_L
000004c1   MPY_H
000004c0   MPY_L
000046ee   MSCFromHostToBuffer
00004e6a   MSCToHostFromBuffer
00002c50   MSData
000028a8   McsCbw
000028c8   McsCsw
0000287a   MscControl
0000744a   MscCopyUsbToBuff
00002864   MscReadControl
000083a6   MscResetCtrlLun
00008566   MscResetData
0000774e   MscSendData
000028d6   MscState
0000284a   MscWriteControl
000089a2   Msc_ResetFlags
000082b8   Msc_ResetStateMachine
00007b30   Msc_ResetStruct
00008542   OEP0InterruptHandler
000004c8   OP2
000004e2   OP2H
000004e3   OP2H_H
000004e2   OP2H_L
000004e0   OP2L
000004e1   OP2L_H
000004e0   OP2L_L
000004c9   OP2_H
000004c8   OP2_L
0000020e   P1IV
0000021e   P2IV
000001e0   P4MAP01
000001e1   P4MAP01_H
000001e0   P4MAP01_L
000001e2   P4MAP23
000001e3   P4MAP23_H
000001e2   P4MAP23_L
000001e4   P4MAP45
000001e5   P4MAP45_H
000001e4   P4MAP45_L
000001e6   P4MAP67
000001e7   P4MAP67_H
000001e6   P4MAP67_L
00000204   PADIR
00000205   PADIR_H
00000204   PADIR_L
00000208   PADS
00000209   PADS_H
00000208   PADS_L
0000021a   PAIE
00000218   PAIES
00000219   PAIES_H
00000218   PAIES_L
0000021b   PAIE_H
0000021a   PAIE_L
0000021c   PAIFG
0000021d   PAIFG_H
0000021c   PAIFG_L
00000200   PAIN
00000201   PAIN_H
00000200   PAIN_L
00000202   PAOUT
00000203   PAOUT_H
00000202   PAOUT_L
00000206   PAREN
00000207   PAREN_H
00000206   PAREN_L
0000020a   PASEL
0000020b   PASEL_H
0000020a   PASEL_L
00000224   PBDIR
00000225   PBDIR_H
00000224   PBDIR_L
00000228   PBDS
00000229   PBDS_H
00000228   PBDS_L
00000220   PBIN
00000221   PBIN_H
00000220   PBIN_L
00000222   PBOUT
00000223   PBOUT_H
00000222   PBOUT_L
00000226   PBREN
00000227   PBREN_H
00000226   PBREN_L
0000022a   PBSEL
0000022b   PBSEL_H
0000022a   PBSEL_L
00000244   PCDIR
00000245   PCDIR_H
00000244   PCDIR_L
00000248   PCDS
00000249   PCDS_H
00000248   PCDS_L
00000240   PCIN
00000241   PCIN_H
00000240   PCIN_L
00000242   PCOUT
00000243   PCOUT_H
00000242   PCOUT_L
00000246   PCREN
00000247   PCREN_H
00000246   PCREN_L
0000024a   PCSEL
0000024b   PCSEL_H
0000024a   PCSEL_L
00000324   PJDIR
00000325   PJDIR_H
00000324   PJDIR_L
00000328   PJDS
00000329   PJDS_H
00000328   PJDS_L
00000320   PJIN
00000321   PJIN_H
00000320   PJIN_L
00000322   PJOUT
00000323   PJOUT_H
00000322   PJOUT_L
00000326   PJREN
00000327   PJREN_H
00000326   PJREN_L
00000130   PM5CTL0
00000131   PM5CTL0_H
00000130   PM5CTL0_L
000001c2   PMAPCTL
000001c3   PMAPCTL_H
000001c2   PMAPCTL_L
000001c0   PMAPKEYID
000001c1   PMAPKEYID_H
000001c0   PMAPKEYID_L
00000120   PMMCTL0
00000121   PMMCTL0_H
00000120   PMMCTL0_L
00000122   PMMCTL1
00000123   PMMCTL1_H
00000122   PMMCTL1_L
0000012c   PMMIFG
0000012d   PMMIFG_H
0000012c   PMMIFG_L
0000012e   PMMRIE
0000012f   PMMRIE_H
0000012e   PMMRIE_L
00002820   PRW_dataBuf
00007c10   PWRVBUSoffHandler
000081b6   PWRVBUSonHandler
0000d200   Partition
00000158   RCCTL0
00000159   RCCTL0_H
00000158   RCCTL0_L
000001b0   REFCTL0
000001b1   REFCTL0_H
000001b0   REFCTL0_L
000004e4   RES0
000004e5   RES0_H
000004e4   RES0_L
000004e6   RES1
000004e7   RES1_H
000004e6   RES1_L
000004e8   RES2
000004e9   RES2_H
000004e8   RES2_L
000004ea   RES3
000004eb   RES3_H
000004ea   RES3_L
000004cc   RESHI
000004cd   RESHI_H
000004cc   RESHI_L
000004ca   RESLO
000004cb   RESLO_H
000004ca   RESLO_L
0000851c   RGBreset
000004ba   RTCADOWDAY
000004bb   RTCADOWDAY_H
000004ba   RTCADOWDAY_L
000004b8   RTCAMINHR
000004b9   RTCAMINHR_H
000004b8   RTCAMINHR_L
000004a0   RTCCTL01
000004a1   RTCCTL01_H
000004a0   RTCCTL01_L
000004a2   RTCCTL23
000004a3   RTCCTL23_H
000004a2   RTCCTL23_L
000004b4   RTCDATE
000004b5   RTCDATE_H
000004b4   RTCDATE_L
000004ae   RTCIV
000004ac   RTCPS
000004a8   RTCPS0CTL
000004a9   RTCPS0CTL_H
000004a8   RTCPS0CTL_L
000004aa   RTCPS1CTL
000004ab   RTCPS1CTL_H
000004aa   RTCPS1CTL_L
000004ad   RTCPS_H
000004ac   RTCPS_L
000004b0   RTCTIM0
000004b1   RTCTIM0_H
000004b0   RTCTIM0_L
000004b2   RTCTIM1
000004b3   RTCTIM1_H
000004b2   RTCTIM1_L
000004b6   RTCYEAR
000004b7   RTCYEAR_H
000004b6   RTCYEAR_L
00002420   RW_dataBuf
00002822   RWbuf
00006c34   ReadLBA
00002d00   Red
00008bde   Report_Luns
000029e8   RequestSenseResponse
00007246   Reset_RequestSenseResponse
0000d600   Root_Dir
0000da00   Root_Dir_Const
00002c30   RxBuffer
000084a4   SET_RequestsenseMediaNotPresent
000084cc   SET_RequestsenseNotReady
00000100   SFRIE1
00000101   SFRIE1_H
00000100   SFRIE1_L
00000102   SFRIFG1
00000103   SFRIFG1_H
00000102   SFRIFG1_L
00000104   SFRRPCR
00000105   SFRRPCR_H
00000104   SFRRPCR_L
000004ce   SUMEXT
000004cf   SUMEXT_H
000004ce   SUMEXT_L
00000124   SVSMHCTL
00000125   SVSMHCTL_H
00000124   SVSMHCTL_L
00000128   SVSMIO
00000129   SVSMIO_H
00000128   SVSMIO_L
00000126   SVSMLCTL
00000127   SVSMLCTL_H
00000126   SVSMLCTL_L
00000198   SYSBERRIV
00000199   SYSBERRIV_H
00000198   SYSBERRIV_L
00000182   SYSBSLC
00000183   SYSBSLC_H
00000182   SYSBSLC_L
00000180   SYSCTL
00000181   SYSCTL_H
00000180   SYSCTL_L
00000186   SYSJMBC
00000187   SYSJMBC_H
00000186   SYSJMBC_L
00000188   SYSJMBI0
00000189   SYSJMBI0_H
00000188   SYSJMBI0_L
0000018a   SYSJMBI1
0000018b   SYSJMBI1_H
0000018a   SYSJMBI1_L
0000018c   SYSJMBO0
0000018d   SYSJMBO0_H
0000018c   SYSJMBO0_L
0000018e   SYSJMBO1
0000018f   SYSJMBO1_H
0000018e   SYSJMBO1_L
0000019e   SYSRSTIV
0000019f   SYSRSTIV_H
0000019e   SYSRSTIV_L
0000019c   SYSSNIV
0000019d   SYSSNIV_H
0000019c   SYSSNIV_L
0000019a   SYSUNIV
0000019b   SYSUNIV_H
0000019a   SYSUNIV_L
00005140   Scsi_Cmd_Parser
00005ad2   Scsi_Inquiry
000080ca   Scsi_Mode_Sense10
00008106   Scsi_Mode_Sense6
00002a14   Scsi_Mode_Sense_10
00002a10   Scsi_Mode_Sense_6
00006418   Scsi_Read10
000083fe   Scsi_Read_Capacity10
00002a08   Scsi_Read_Capacity_10
00002a1c   Scsi_Read_Format_Capacity
000084f4   Scsi_Report_Luns
0000651c   Scsi_Request_Sense
00008142   Scsi_Send_CSW
000028e8   Scsi_Standard_Inquiry_Data
000087d6   Scsi_Test_Unit_Ready
000072cc   Scsi_Unknown_Request
00007a3a   Scsi_Verify_CBW
00005f96   Scsi_Write10
00007f10   SetVCore
00007c58   SetupPacketInterruptHandler
00000352   TA0CCR0
00000354   TA0CCR1
00000356   TA0CCR2
00000358   TA0CCR3
0000035a   TA0CCR4
00000342   TA0CCTL0
00000344   TA0CCTL1
00000346   TA0CCTL2
00000348   TA0CCTL3
0000034a   TA0CCTL4
00000340   TA0CTL
00000360   TA0EX0
0000036e   TA0IV
00000350   TA0R
00000392   TA1CCR0
00000394   TA1CCR1
00000396   TA1CCR2
00000382   TA1CCTL0
00000384   TA1CCTL1
00000386   TA1CCTL2
00000380   TA1CTL
000003a0   TA1EX0
000003ae   TA1IV
00000390   TA1R
00000412   TA2CCR0
00000414   TA2CCR1
00000416   TA2CCR2
00000402   TA2CCTL0
00000404   TA2CCTL1
00000406   TA2CCTL2
00000400   TA2CTL
00000420   TA2EX0
0000042e   TA2IV
00000410   TA2R
000003d2   TB0CCR0
000003d4   TB0CCR1
000003d6   TB0CCR2
000003d8   TB0CCR3
000003da   TB0CCR4
000003dc   TB0CCR5
000003de   TB0CCR6
000003c2   TB0CCTL0
000003c4   TB0CCTL1
000003c6   TB0CCTL2
000003c8   TB0CCTL3
000003ca   TB0CCTL4
000003cc   TB0CCTL5
000003ce   TB0CCTL6
000003c0   TB0CTL
000003e0   TB0EX0
000003ee   TB0IV
000003d0   TB0R
00004638   TIMER0_A0_ISR
00004622   TIMERB0_ISR
000005d0   UCA0ABCTL
000005c6   UCA0BRW
000005c7   UCA0BRW_H
000005c6   UCA0BRW_L
000005c0   UCA0CTLW0
000005c1   UCA0CTLW0_H
000005c0   UCA0CTLW0_L
000005dc   UCA0ICTL
000005dd   UCA0ICTL_H
000005dc   UCA0ICTL_L
000005d2   UCA0IRCTL
000005d3   UCA0IRCTL_H
000005d2   UCA0IRCTL_L
000005de   UCA0IV
000005c8   UCA0MCTL
000005cc   UCA0RXBUF
000005ca   UCA0STAT
000005ce   UCA0TXBUF
00000610   UCA1ABCTL
00000606   UCA1BRW
00000607   UCA1BRW_H
00000606   UCA1BRW_L
00000600   UCA1CTLW0
00000601   UCA1CTLW0_H
00000600   UCA1CTLW0_L
0000061c   UCA1ICTL
0000061d   UCA1ICTL_H
0000061c   UCA1ICTL_L
00000612   UCA1IRCTL
00000613   UCA1IRCTL_H
00000612   UCA1IRCTL_L
0000061e   UCA1IV
00000608   UCA1MCTL
0000060c   UCA1RXBUF
0000060a   UCA1STAT
0000060e   UCA1TXBUF
000005e6   UCB0BRW
000005e7   UCB0BRW_H
000005e6   UCB0BRW_L
000005e0   UCB0CTLW0
000005e1   UCB0CTLW0_H
000005e0   UCB0CTLW0_L
000005f0   UCB0I2COA
000005f1   UCB0I2COA_H
000005f0   UCB0I2COA_L
000005f2   UCB0I2CSA
000005f3   UCB0I2CSA_H
000005f2   UCB0I2CSA_L
000005fc   UCB0ICTL
000005fd   UCB0ICTL_H
000005fc   UCB0ICTL_L
000005fe   UCB0IV
000005ec   UCB0RXBUF
000005ea   UCB0STAT
000005ee   UCB0TXBUF
00000626   UCB1BRW
00000627   UCB1BRW_H
00000626   UCB1BRW_L
00000620   UCB1CTLW0
00000621   UCB1CTLW0_H
00000620   UCB1CTLW0_L
00000630   UCB1I2COA
00000631   UCB1I2COA_H
00000630   UCB1I2COA_L
00000632   UCB1I2CSA
00000633   UCB1I2CSA_H
00000632   UCB1I2CSA_L
0000063c   UCB1ICTL
0000063d   UCB1ICTL_H
0000063c   UCB1ICTL_L
0000063e   UCB1IV
0000062c   UCB1RXBUF
0000062a   UCB1STAT
0000062e   UCB1TXBUF
00000160   UCSCTL0
00000161   UCSCTL0_H
00000160   UCSCTL0_L
00000162   UCSCTL1
00000163   UCSCTL1_H
00000162   UCSCTL1_L
00000164   UCSCTL2
00000165   UCSCTL2_H
00000164   UCSCTL2_L
00000166   UCSCTL3
00000167   UCSCTL3_H
00000166   UCSCTL3_L
00000168   UCSCTL4
00000169   UCSCTL4_H
00000168   UCSCTL4_L
0000016a   UCSCTL5
0000016b   UCSCTL5_H
0000016a   UCSCTL5_L
0000016c   UCSCTL6
0000016d   UCSCTL6_H
0000016c   UCSCTL6_L
0000016e   UCSCTL7
0000016f   UCSCTL7_H
0000016e   UCSCTL7_L
00000170   UCSCTL8
00000171   UCSCTL8_H
00000170   UCSCTL8_L
00004590   UNMI_ISR
00000902   USBCNF
00000903   USBCNF_H
00000902   USBCNF_L
0000093c   USBCTL
0000093a   USBFN
0000093b   USBFN_H
0000093a   USBFN_L
0000093f   USBFUNADR
0000093d   USBIE
00002378   USBIEP0BUF
000023c9   USBIEPBBAX_1
000023d1   USBIEPBBAX_2
000023d9   USBIEPBBAX_3
000023e1   USBIEPBBAX_4
000023e9   USBIEPBBAX_5
000023f1   USBIEPBBAX_6
000023f9   USBIEPBBAX_7
000023cd   USBIEPBBAY_1
000023d5   USBIEPBBAY_2
000023dd   USBIEPBBAY_3
000023e5   USBIEPBBAY_4
000023ed   USBIEPBBAY_5
000023f5   USBIEPBBAY_6
000023fd   USBIEPBBAY_7
000023ca   USBIEPBCTX_1
000023d2   USBIEPBCTX_2
000023da   USBIEPBCTX_3
000023e2   USBIEPBCTX_4
000023ea   USBIEPBCTX_5
000023f2   USBIEPBCTX_6
000023fa   USBIEPBCTX_7
000023ce   USBIEPBCTY_1
000023d6   USBIEPBCTY_2
000023de   USBIEPBCTY_3
000023e6   USBIEPBCTY_4
000023ee   USBIEPBCTY_5
000023f6   USBIEPBCTY_6
000023fe   USBIEPBCTY_7
00000920   USBIEPCNF_0
000023c8   USBIEPCNF_1
000023d0   USBIEPCNF_2
000023d8   USBIEPCNF_3
000023e0   USBIEPCNF_4
000023e8   USBIEPCNF_5
000023f0   USBIEPCNF_6
000023f8   USBIEPCNF_7
00000921   USBIEPCNT_0
0000092e   USBIEPIE
00000930   USBIEPIFG
000023cf   USBIEPSIZXY_1
000023d7   USBIEPSIZXY_2
000023df   USBIEPSIZXY_3
000023e7   USBIEPSIZXY_4
000023ef   USBIEPSIZXY_5
000023f7   USBIEPSIZXY_6
000023ff   USBIEPSIZXY_7
0000093e   USBIFG
00000900   USBKEYID
00000901   USBKEYID_H
00000900   USBKEYID_L
00000936   USBMAINT
00000937   USBMAINT_H
00000936   USBMAINT_L
00004ad0   USBMSC_bufferProcessed
00002401   USBMSC_config
000089a8   USBMSC_fetchInfoStruct
00007ece   USBMSC_getState
000089c0   USBMSC_handleBufferEvent
00006716   USBMSC_poll
00006da4   USBMSC_registerBufInfo
000081ec   USBMSC_reset
0000597e   USBMSC_updateMediaInfo
00002370   USBOEP0BUF
00002389   USBOEPBBAX_1
00002391   USBOEPBBAX_2
00002399   USBOEPBBAX_3
000023a1   USBOEPBBAX_4
000023a9   USBOEPBBAX_5
000023b1   USBOEPBBAX_6
000023b9   USBOEPBBAX_7
0000238d   USBOEPBBAY_1
00002395   USBOEPBBAY_2
0000239d   USBOEPBBAY_3
000023a5   USBOEPBBAY_4
000023ad   USBOEPBBAY_5
000023b5   USBOEPBBAY_6
000023bd   USBOEPBBAY_7
0000238a   USBOEPBCTX_1
00002392   USBOEPBCTX_2
0000239a   USBOEPBCTX_3
000023a2   USBOEPBCTX_4
000023aa   USBOEPBCTX_5
000023b2   USBOEPBCTX_6
000023ba   USBOEPBCTX_7
0000238e   USBOEPBCTY_1
00002396   USBOEPBCTY_2
0000239e   USBOEPBCTY_3
000023a6   USBOEPBCTY_4
000023ae   USBOEPBCTY_5
000023b6   USBOEPBCTY_6
000023be   USBOEPBCTY_7
00000922   USBOEPCNF_0
00002388   USBOEPCNF_1
00002390   USBOEPCNF_2
00002398   USBOEPCNF_3
000023a0   USBOEPCNF_4
000023a8   USBOEPCNF_5
000023b0   USBOEPCNF_6
000023b8   USBOEPCNF_7
00000923   USBOEPCNT_0
0000092f   USBOEPIE
00000931   USBOEPIFG
0000238f   USBOEPSIZXY_1
00002397   USBOEPSIZXY_2
0000239f   USBOEPSIZXY_3
000023a7   USBOEPSIZXY_4
000023af   USBOEPSIZXY_5
000023b7   USBOEPSIZXY_6
000023bf   USBOEPSIZXY_7
00000904   USBPHYCTL
00000905   USBPHYCTL_H
00000904   USBPHYCTL_L
00000910   USBPLLCTL
00000911   USBPLLCTL_H
00000910   USBPLLCTL_L
00000912   USBPLLDIVB
00000913   USBPLLDIVB_H
00000912   USBPLLDIVB_L
00000914   USBPLLIR
00000915   USBPLLIR_H
00000914   USBPLLIR_L
00000908   USBPWRCTL
00000909   USBPWRCTL_H
00000908   USBPWRCTL_L
00001c00   USBSTABUFF
00002380   USBSUBLK
0000236f   USBTOPBUFF
00000938   USBTSREG
00000939   USBTSREG_H
00000938   USBTSREG_L
00000932   USBVECINT
00000933   USBVECINT_H
00000932   USBVECINT_L
000068e6   USB_InitSerialStringDescriptor
00002d22   USB_RX_memcpy
00002d1e   USB_TX_memcpy
0000873a   USB_connect
000082e8   USB_connectionInfo
00006eea   USB_connectionState
00008588   USB_disable
000071bc   USB_enable
000089ae   USB_getVersion
000089c4   USB_handleClockEvent
000089c8   USB_handleEnumCompleteEvent
000089cc   USB_handleResetEvent
000089d0   USB_handleResumeEvent
000089d4   USB_handleSuspendEvent
00007f50   USB_handleVbusOffEvent
00007ce8   USB_handleVbusOnEvent
000076e8   USB_init
0000817e   USB_initMemcpy
00005d36   USB_reset
000087ee   USB_resume
0000897a   USB_setEnabledEvents
00008254   USB_suspend
00002d41   USBtiming
000045ce   USCI_B0_ISR
00002ce6   VERSION
0000015c   WDTCTL
0000015d   WDTCTL_H
0000015c   WDTCTL_L
000074bc   WriteLBA
00008318   XT2_Start
00008982   XT2_Stop
00004400   __STACK_END
000000a0   __STACK_SIZE
00000001   __TI_args_main
00000001   __TI_auto_init
00000001   __TI_exit
ffffffff   __binit__
00002400   __bss__
ffffffff   __c_args__
00004644   __cinit__
000083d2   __divi
00007fd0   __divli
0000884e   __divu
0000798c   __divul
00002d42   __end__
ffffffff   __etext__
00005e6c   __fs_add
00007012   __fs_div
00007bc6   __fs_ltof
00006cee   __fs_mpy
00005e66   __fs_sub
00007350   __fs_tol
00007dba   __fs_tou
00008864   __mpyi_f5hw
000085ee   __mpyl_f5hw
00008754   __mpysl_f5hw
0000876e   __mpyul_f5hw
ffffffff   __pinit__
000083d2   __remi
00007fd0   __remli
0000884e   __remu
0000798c   __remul
ffffffff   __text__
00007d2e   _auto_init
000045f8   _c_int00
000045f8   _c_int00_noexit
00002d36   _cleanup_ptr
00002d3a   _dtors_ptr
00002d2e   _lock
000089e0   _nop
0000fffe   _reset_vector
00004360   _stack
000089d8   _system_pre_init
00002d32   _unlock
00002378   abIEP0Buffer
00002370   abOEP0Buffer
00002cb6   abUsbRequestIncomingData
00002cae   abUsbRequestReturnData
000089dc   abort
00002cbe   abramSerialStringDescriptor
00008bac   abromConfigurationDescriptorGroup
00008bcc   abromDeviceDescriptor
00008ade   abromStringDescriptor
00002c82   activityArray
00002c9a   activityLong
00002ce2   bEnumerationStatus
00002ce1   bFunctionSuspended
00008b68   bScsi_Standard_Inquiry_Data
00002ce0   bStatusAction
ffffffff   binit
00002d10   bluelong
00004644   cinit
00002d14   counts
00002d28   eepromAddress
0000752e   eepromAscii2Num
000061ea   eepromFindAddress
00008378   eepromGetPeriod
00008788   eepromGetStatus
00006b74   eepromLog
00007e46   eepromMarkReset
00005c04   eepromNum2Ascii
00002d2c   eepromPeriod
000078d2   eepromRead
000085aa   eepromReadLBA
00007872   eepromReset
00008672   eepromSetStatus
00002d26   eepromStatus
0000760e   eepromWrite
00007f90   eepromWriteLBA
00002d42   end
ffffffff   etext
00007a8e   findActivity
000060c0   findActivityArray
00007e8a   flashWriteLBA
00002d0c   greenlong
00002846   i
00008220   i2cActivate
000079e4   i2cReceive
00007d74   i2cTransmit
00002a28   i2caddress
00004400   iUsbInterruptHandler
00002d06   index
000069c4   log
000088bc   logBatteryHours
00002400   logFlag
00006620   logRGB
000057b4   main
00002c72   meanX
00002c76   meanY
00002c7a   meanZ
00002ca0   meas30Count
00002d3e   measCount
000088f8   memcpy
00008348   memcpyDMA0
000085cc   memcpyV
000088d0   memset
00002d18   modecount
00002b6e   numReadings
00001c00   pbXBufferAddressEp1
00001d00   pbXBufferAddressEp2
00001e00   pbXBufferAddressEp3
00001f00   pbXBufferAddressEp4
00002000   pbXBufferAddressEp5
00002100   pbXBufferAddressEp6
00002200   pbXBufferAddressEp7
00001c80   pbXBufferAddressEp81
00001d80   pbXBufferAddressEp82
00001e80   pbXBufferAddressEp83
00001f80   pbXBufferAddressEp84
00002080   pbXBufferAddressEp85
00002180   pbXBufferAddressEp86
00002280   pbXBufferAddressEp87
00001c40   pbYBufferAddressEp1
00001d40   pbYBufferAddressEp2
00001e40   pbYBufferAddressEp3
00001f40   pbYBufferAddressEp4
00002040   pbYBufferAddressEp5
00002140   pbYBufferAddressEp6
00002240   pbYBufferAddressEp7
00001cc0   pbYBufferAddressEp81
00001dc0   pbYBufferAddressEp82
00001ec0   pbYBufferAddressEp83
00001fc0   pbYBufferAddressEp84
000020c0   pbYBufferAddressEp85
000021c0   pbYBufferAddressEp86
000022c0   pbYBufferAddressEp87
ffffffff   pinit
00002d1c   rangeFlag
00002b2c   rdata
0000559a   readADXL
00008428   readBatVolt
0000536e   readRGB
00002d08   redlong
00002886   sRwbuf
000070a0   setupADXL
00008bee   stUsbHandle
00008690   stopADXL
00008806   strchr
00002c5a   sumX
00002c66   sumXsq
00002c5e   sumY
00002c6a   sumYsq
00002c62   sumZ
00002c6e   sumZsq
00000920   tEndPoint0DescriptorBlock
000023c8   tInputEndPointDescriptorBlock
00002388   tOutputEndPointDescriptorBlock
00002380   tSetupPacket
000089e2   tUsbRequestList
000087a2   taStart
0000893c   taStop
00007930   tbDelay
000077b0   tbDelayMode
00002a2a   tdata
00002825   testa
00002826   testb
00002824   timerAEvent
00002d40   timerAevent
00002c7e   totalnumReadings
0000881e   usbClearDeviceFeature
000073ce   usbClearEndpointFeature
000089b4   usbClearOEP0ByteCount
0000890a   usbClearOEPByteCount
00006f80   usbDecodeAndProcessUsbRequest
000088e4   usbGetConfiguration
0000887a   usbGetConfigurationDescriptor
00008890   usbGetDeviceDescriptor
00008452   usbGetDeviceStatus
0000712e   usbGetEndpointStatus
000086ae   usbGetInterface
000086cc   usbGetInterfaceStatus
00007e00   usbGetStringDescriptor
0000894a   usbInvalidRequest
00007ae0   usbReceiveNextPacketOnOEP0
00008610   usbSendDataPacketOnEP0
0000767c   usbSendNextPacketOnIEP0
00008958   usbSendZeroLengthPacketOnIEP0
00008632   usbSetAddress
00008652   usbSetConfiguration
00008836   usbSetDeviceFeature
00007ca0   usbSetEndpointFeature
00008286   usbSetInterface
000087bc   usbStallEndpoint
00008970   usbStallEndpoint0
0000891c   usbStallInEndpoint
000089ba   usbStallOEP0
000088a6   usbStallOutEndpoint
00002ca4   wBytesRemainingOnIEP0
00002ca6   wBytesRemainingOnOEP0
00002ce4   wUsbEventMask
0000898a   wdOff
00008992   wdReset_1000
0000899a   wdReset_16000
00002b70   xAccel
00002bb0   yAccel
00002bf0   zAccel


GLOBAL SYMBOLS: SORTED BY Symbol Address 

address    name
--------   ----
00000001   __TI_args_main
00000001   __TI_auto_init
00000001   __TI_exit
000000a0   __STACK_SIZE
00000100   SFRIE1
00000100   SFRIE1_L
00000101   SFRIE1_H
00000102   SFRIFG1
00000102   SFRIFG1_L
00000103   SFRIFG1_H
00000104   SFRRPCR
00000104   SFRRPCR_L
00000105   SFRRPCR_H
00000120   PMMCTL0
00000120   PMMCTL0_L
00000121   PMMCTL0_H
00000122   PMMCTL1
00000122   PMMCTL1_L
00000123   PMMCTL1_H
00000124   SVSMHCTL
00000124   SVSMHCTL_L
00000125   SVSMHCTL_H
00000126   SVSMLCTL
00000126   SVSMLCTL_L
00000127   SVSMLCTL_H
00000128   SVSMIO
00000128   SVSMIO_L
00000129   SVSMIO_H
0000012c   PMMIFG
0000012c   PMMIFG_L
0000012d   PMMIFG_H
0000012e   PMMRIE
0000012e   PMMRIE_L
0000012f   PMMRIE_H
00000130   PM5CTL0
00000130   PM5CTL0_L
00000131   PM5CTL0_H
00000140   FCTL1
00000140   FCTL1_L
00000141   FCTL1_H
00000144   FCTL3
00000144   FCTL3_L
00000145   FCTL3_H
00000146   FCTL4
00000146   FCTL4_L
00000147   FCTL4_H
00000150   CRCDI
00000150   CRCDI_L
00000151   CRCDI_H
00000152   CRCDIRB
00000152   CRCDIRB_L
00000153   CRCDIRB_H
00000154   CRCINIRES
00000154   CRCINIRES_L
00000155   CRCINIRES_H
00000156   CRCRESR
00000156   CRCRESR_L
00000157   CRCRESR_H
00000158   RCCTL0
00000158   RCCTL0_L
00000159   RCCTL0_H
0000015c   WDTCTL
0000015c   WDTCTL_L
0000015d   WDTCTL_H
00000160   UCSCTL0
00000160   UCSCTL0_L
00000161   UCSCTL0_H
00000162   UCSCTL1
00000162   UCSCTL1_L
00000163   UCSCTL1_H
00000164   UCSCTL2
00000164   UCSCTL2_L
00000165   UCSCTL2_H
00000166   UCSCTL3
00000166   UCSCTL3_L
00000167   UCSCTL3_H
00000168   UCSCTL4
00000168   UCSCTL4_L
00000169   UCSCTL4_H
0000016a   UCSCTL5
0000016a   UCSCTL5_L
0000016b   UCSCTL5_H
0000016c   UCSCTL6
0000016c   UCSCTL6_L
0000016d   UCSCTL6_H
0000016e   UCSCTL7
0000016e   UCSCTL7_L
0000016f   UCSCTL7_H
00000170   UCSCTL8
00000170   UCSCTL8_L
00000171   UCSCTL8_H
00000180   SYSCTL
00000180   SYSCTL_L
00000181   SYSCTL_H
00000182   SYSBSLC
00000182   SYSBSLC_L
00000183   SYSBSLC_H
00000186   SYSJMBC
00000186   SYSJMBC_L
00000187   SYSJMBC_H
00000188   SYSJMBI0
00000188   SYSJMBI0_L
00000189   SYSJMBI0_H
0000018a   SYSJMBI1
0000018a   SYSJMBI1_L
0000018b   SYSJMBI1_H
0000018c   SYSJMBO0
0000018c   SYSJMBO0_L
0000018d   SYSJMBO0_H
0000018e   SYSJMBO1
0000018e   SYSJMBO1_L
0000018f   SYSJMBO1_H
00000198   SYSBERRIV
00000198   SYSBERRIV_L
00000199   SYSBERRIV_H
0000019a   SYSUNIV
0000019a   SYSUNIV_L
0000019b   SYSUNIV_H
0000019c   SYSSNIV
0000019c   SYSSNIV_L
0000019d   SYSSNIV_H
0000019e   SYSRSTIV
0000019e   SYSRSTIV_L
0000019f   SYSRSTIV_H
000001b0   REFCTL0
000001b0   REFCTL0_L
000001b1   REFCTL0_H
000001c0   PMAPKEYID
000001c0   PMAPKEYID_L
000001c1   PMAPKEYID_H
000001c2   PMAPCTL
000001c2   PMAPCTL_L
000001c3   PMAPCTL_H
000001e0   P4MAP01
000001e0   P4MAP01_L
000001e1   P4MAP01_H
000001e2   P4MAP23
000001e2   P4MAP23_L
000001e3   P4MAP23_H
000001e4   P4MAP45
000001e4   P4MAP45_L
000001e5   P4MAP45_H
000001e6   P4MAP67
000001e6   P4MAP67_L
000001e7   P4MAP67_H
00000200   PAIN
00000200   PAIN_L
00000201   PAIN_H
00000202   PAOUT
00000202   PAOUT_L
00000203   PAOUT_H
00000204   PADIR
00000204   PADIR_L
00000205   PADIR_H
00000206   PAREN
00000206   PAREN_L
00000207   PAREN_H
00000208   PADS
00000208   PADS_L
00000209   PADS_H
0000020a   PASEL
0000020a   PASEL_L
0000020b   PASEL_H
0000020e   P1IV
00000218   PAIES
00000218   PAIES_L
00000219   PAIES_H
0000021a   PAIE
0000021a   PAIE_L
0000021b   PAIE_H
0000021c   PAIFG
0000021c   PAIFG_L
0000021d   PAIFG_H
0000021e   P2IV
00000220   PBIN
00000220   PBIN_L
00000221   PBIN_H
00000222   PBOUT
00000222   PBOUT_L
00000223   PBOUT_H
00000224   PBDIR
00000224   PBDIR_L
00000225   PBDIR_H
00000226   PBREN
00000226   PBREN_L
00000227   PBREN_H
00000228   PBDS
00000228   PBDS_L
00000229   PBDS_H
0000022a   PBSEL
0000022a   PBSEL_L
0000022b   PBSEL_H
00000240   PCIN
00000240   PCIN_L
00000241   PCIN_H
00000242   PCOUT
00000242   PCOUT_L
00000243   PCOUT_H
00000244   PCDIR
00000244   PCDIR_L
00000245   PCDIR_H
00000246   PCREN
00000246   PCREN_L
00000247   PCREN_H
00000248   PCDS
00000248   PCDS_L
00000249   PCDS_H
0000024a   PCSEL
0000024a   PCSEL_L
0000024b   PCSEL_H
00000320   PJIN
00000320   PJIN_L
00000321   PJIN_H
00000322   PJOUT
00000322   PJOUT_L
00000323   PJOUT_H
00000324   PJDIR
00000324   PJDIR_L
00000325   PJDIR_H
00000326   PJREN
00000326   PJREN_L
00000327   PJREN_H
00000328   PJDS
00000328   PJDS_L
00000329   PJDS_H
00000340   TA0CTL
00000342   TA0CCTL0
00000344   TA0CCTL1
00000346   TA0CCTL2
00000348   TA0CCTL3
0000034a   TA0CCTL4
00000350   TA0R
00000352   TA0CCR0
00000354   TA0CCR1
00000356   TA0CCR2
00000358   TA0CCR3
0000035a   TA0CCR4
00000360   TA0EX0
0000036e   TA0IV
00000380   TA1CTL
00000382   TA1CCTL0
00000384   TA1CCTL1
00000386   TA1CCTL2
00000390   TA1R
00000392   TA1CCR0
00000394   TA1CCR1
00000396   TA1CCR2
000003a0   TA1EX0
000003ae   TA1IV
000003c0   TB0CTL
000003c2   TB0CCTL0
000003c4   TB0CCTL1
000003c6   TB0CCTL2
000003c8   TB0CCTL3
000003ca   TB0CCTL4
000003cc   TB0CCTL5
000003ce   TB0CCTL6
000003d0   TB0R
000003d2   TB0CCR0
000003d4   TB0CCR1
000003d6   TB0CCR2
000003d8   TB0CCR3
000003da   TB0CCR4
000003dc   TB0CCR5
000003de   TB0CCR6
000003e0   TB0EX0
000003ee   TB0IV
00000400   TA2CTL
00000402   TA2CCTL0
00000404   TA2CCTL1
00000406   TA2CCTL2
00000410   TA2R
00000412   TA2CCR0
00000414   TA2CCR1
00000416   TA2CCR2
00000420   TA2EX0
0000042e   TA2IV
000004a0   RTCCTL01
000004a0   RTCCTL01_L
000004a1   RTCCTL01_H
000004a2   RTCCTL23
000004a2   RTCCTL23_L
000004a3   RTCCTL23_H
000004a8   RTCPS0CTL
000004a8   RTCPS0CTL_L
000004a9   RTCPS0CTL_H
000004aa   RTCPS1CTL
000004aa   RTCPS1CTL_L
000004ab   RTCPS1CTL_H
000004ac   RTCPS
000004ac   RTCPS_L
000004ad   RTCPS_H
000004ae   RTCIV
000004b0   RTCTIM0
000004b0   RTCTIM0_L
000004b1   RTCTIM0_H
000004b2   RTCTIM1
000004b2   RTCTIM1_L
000004b3   RTCTIM1_H
000004b4   RTCDATE
000004b4   RTCDATE_L
000004b5   RTCDATE_H
000004b6   RTCYEAR
000004b6   RTCYEAR_L
000004b7   RTCYEAR_H
000004b8   RTCAMINHR
000004b8   RTCAMINHR_L
000004b9   RTCAMINHR_H
000004ba   RTCADOWDAY
000004ba   RTCADOWDAY_L
000004bb   RTCADOWDAY_H
000004c0   MPY
000004c0   MPY_L
000004c1   MPY_H
000004c2   MPYS
000004c2   MPYS_L
000004c3   MPYS_H
000004c4   MAC
000004c4   MAC_L
000004c5   MAC_H
000004c6   MACS
000004c6   MACS_L
000004c7   MACS_H
000004c8   OP2
000004c8   OP2_L
000004c9   OP2_H
000004ca   RESLO
000004ca   RESLO_L
000004cb   RESLO_H
000004cc   RESHI
000004cc   RESHI_L
000004cd   RESHI_H
000004ce   SUMEXT
000004ce   SUMEXT_L
000004cf   SUMEXT_H
000004d0   MPY32L
000004d0   MPY32L_L
000004d1   MPY32L_H
000004d2   MPY32H
000004d2   MPY32H_L
000004d3   MPY32H_H
000004d4   MPYS32L
000004d4   MPYS32L_L
000004d5   MPYS32L_H
000004d6   MPYS32H
000004d6   MPYS32H_L
000004d7   MPYS32H_H
000004d8   MAC32L
000004d8   MAC32L_L
000004d9   MAC32L_H
000004da   MAC32H
000004da   MAC32H_L
000004db   MAC32H_H
000004dc   MACS32L
000004dc   MACS32L_L
000004dd   MACS32L_H
000004de   MACS32H
000004de   MACS32H_L
000004df   MACS32H_H
000004e0   OP2L
000004e0   OP2L_L
000004e1   OP2L_H
000004e2   OP2H
000004e2   OP2H_L
000004e3   OP2H_H
000004e4   RES0
000004e4   RES0_L
000004e5   RES0_H
000004e6   RES1
000004e6   RES1_L
000004e7   RES1_H
000004e8   RES2
000004e8   RES2_L
000004e9   RES2_H
000004ea   RES3
000004ea   RES3_L
000004eb   RES3_H
000004ec   MPY32CTL0
000004ec   MPY32CTL0_L
000004ed   MPY32CTL0_H
00000500   DMACTL0
00000500   DMACTL0_L
00000501   DMACTL0_H
00000502   DMACTL1
00000502   DMACTL1_L
00000503   DMACTL1_H
00000504   DMACTL2
00000504   DMACTL2_L
00000505   DMACTL2_H
00000506   DMACTL3
00000506   DMACTL3_L
00000507   DMACTL3_H
00000508   DMACTL4
00000508   DMACTL4_L
00000509   DMACTL4_H
0000050e   DMAIV
0000050e   DMAIV_L
0000050f   DMAIV_H
00000510   DMA0CTL
00000510   DMA0CTL_L
00000511   DMA0CTL_H
00000512   DMA0SA
00000512   DMA0SAL
00000516   DMA0DA
00000516   DMA0DAL
0000051a   DMA0SZ
00000520   DMA1CTL
00000520   DMA1CTL_L
00000521   DMA1CTL_H
00000522   DMA1SA
00000522   DMA1SAL
00000526   DMA1DA
00000526   DMA1DAL
0000052a   DMA1SZ
00000530   DMA2CTL
00000530   DMA2CTL_L
00000531   DMA2CTL_H
00000532   DMA2SA
00000532   DMA2SAL
00000536   DMA2DA
00000536   DMA2DAL
0000053a   DMA2SZ
000005c0   UCA0CTLW0
000005c0   UCA0CTLW0_L
000005c1   UCA0CTLW0_H
000005c6   UCA0BRW
000005c6   UCA0BRW_L
000005c7   UCA0BRW_H
000005c8   UCA0MCTL
000005ca   UCA0STAT
000005cc   UCA0RXBUF
000005ce   UCA0TXBUF
000005d0   UCA0ABCTL
000005d2   UCA0IRCTL
000005d2   UCA0IRCTL_L
000005d3   UCA0IRCTL_H
000005dc   UCA0ICTL
000005dc   UCA0ICTL_L
000005dd   UCA0ICTL_H
000005de   UCA0IV
000005e0   UCB0CTLW0
000005e0   UCB0CTLW0_L
000005e1   UCB0CTLW0_H
000005e6   UCB0BRW
000005e6   UCB0BRW_L
000005e7   UCB0BRW_H
000005ea   UCB0STAT
000005ec   UCB0RXBUF
000005ee   UCB0TXBUF
000005f0   UCB0I2COA
000005f0   UCB0I2COA_L
000005f1   UCB0I2COA_H
000005f2   UCB0I2CSA
000005f2   UCB0I2CSA_L
000005f3   UCB0I2CSA_H
000005fc   UCB0ICTL
000005fc   UCB0ICTL_L
000005fd   UCB0ICTL_H
000005fe   UCB0IV
00000600   UCA1CTLW0
00000600   UCA1CTLW0_L
00000601   UCA1CTLW0_H
00000606   UCA1BRW
00000606   UCA1BRW_L
00000607   UCA1BRW_H
00000608   UCA1MCTL
0000060a   UCA1STAT
0000060c   UCA1RXBUF
0000060e   UCA1TXBUF
00000610   UCA1ABCTL
00000612   UCA1IRCTL
00000612   UCA1IRCTL_L
00000613   UCA1IRCTL_H
0000061c   UCA1ICTL
0000061c   UCA1ICTL_L
0000061d   UCA1ICTL_H
0000061e   UCA1IV
00000620   UCB1CTLW0
00000620   UCB1CTLW0_L
00000621   UCB1CTLW0_H
00000626   UCB1BRW
00000626   UCB1BRW_L
00000627   UCB1BRW_H
0000062a   UCB1STAT
0000062c   UCB1RXBUF
0000062e   UCB1TXBUF
00000630   UCB1I2COA
00000630   UCB1I2COA_L
00000631   UCB1I2COA_H
00000632   UCB1I2CSA
00000632   UCB1I2CSA_L
00000633   UCB1I2CSA_H
0000063c   UCB1ICTL
0000063c   UCB1ICTL_L
0000063d   UCB1ICTL_H
0000063e   UCB1IV
00000700   ADC12CTL0
00000700   ADC12CTL0_L
00000701   ADC12CTL0_H
00000702   ADC12CTL1
00000702   ADC12CTL1_L
00000703   ADC12CTL1_H
00000704   ADC12CTL2
00000704   ADC12CTL2_L
00000705   ADC12CTL2_H
0000070a   ADC12IFG
0000070a   ADC12IFG_L
0000070b   ADC12IFG_H
0000070c   ADC12IE
0000070c   ADC12IE_L
0000070d   ADC12IE_H
0000070e   ADC12IV
0000070e   ADC12IV_L
0000070f   ADC12IV_H
00000710   ADC12MCTL0
00000711   ADC12MCTL1
00000712   ADC12MCTL2
00000713   ADC12MCTL3
00000714   ADC12MCTL4
00000715   ADC12MCTL5
00000716   ADC12MCTL6
00000717   ADC12MCTL7
00000718   ADC12MCTL8
00000719   ADC12MCTL9
0000071a   ADC12MCTL10
0000071b   ADC12MCTL11
0000071c   ADC12MCTL12
0000071d   ADC12MCTL13
0000071e   ADC12MCTL14
0000071f   ADC12MCTL15
00000720   ADC12MEM0
00000720   ADC12MEM0_L
00000721   ADC12MEM0_H
00000722   ADC12MEM1
00000722   ADC12MEM1_L
00000723   ADC12MEM1_H
00000724   ADC12MEM2
00000724   ADC12MEM2_L
00000725   ADC12MEM2_H
00000726   ADC12MEM3
00000726   ADC12MEM3_L
00000727   ADC12MEM3_H
00000728   ADC12MEM4
00000728   ADC12MEM4_L
00000729   ADC12MEM4_H
0000072a   ADC12MEM5
0000072a   ADC12MEM5_L
0000072b   ADC12MEM5_H
0000072c   ADC12MEM6
0000072c   ADC12MEM6_L
0000072d   ADC12MEM6_H
0000072e   ADC12MEM7
0000072e   ADC12MEM7_L
0000072f   ADC12MEM7_H
00000730   ADC12MEM8
00000730   ADC12MEM8_L
00000731   ADC12MEM8_H
00000732   ADC12MEM9
00000732   ADC12MEM9_L
00000733   ADC12MEM9_H
00000734   ADC12MEM10
00000734   ADC12MEM10_L
00000735   ADC12MEM10_H
00000736   ADC12MEM11
00000736   ADC12MEM11_L
00000737   ADC12MEM11_H
00000738   ADC12MEM12
00000738   ADC12MEM12_L
00000739   ADC12MEM12_H
0000073a   ADC12MEM13
0000073a   ADC12MEM13_L
0000073b   ADC12MEM13_H
0000073c   ADC12MEM14
0000073c   ADC12MEM14_L
0000073d   ADC12MEM14_H
0000073e   ADC12MEM15
0000073e   ADC12MEM15_L
0000073f   ADC12MEM15_H
000008c0   CBCTL0
000008c0   CBCTL0_L
000008c1   CBCTL0_H
000008c2   CBCTL1
000008c2   CBCTL1_L
000008c3   CBCTL1_H
000008c4   CBCTL2
000008c4   CBCTL2_L
000008c5   CBCTL2_H
000008c6   CBCTL3
000008c6   CBCTL3_L
000008c7   CBCTL3_H
000008cc   CBINT
000008cc   CBINT_L
000008cd   CBINT_H
000008ce   CBIV
00000900   USBKEYID
00000900   USBKEYID_L
00000901   USBKEYID_H
00000902   USBCNF
00000902   USBCNF_L
00000903   USBCNF_H
00000904   USBPHYCTL
00000904   USBPHYCTL_L
00000905   USBPHYCTL_H
00000908   USBPWRCTL
00000908   USBPWRCTL_L
00000909   USBPWRCTL_H
00000910   USBPLLCTL
00000910   USBPLLCTL_L
00000911   USBPLLCTL_H
00000912   USBPLLDIVB
00000912   USBPLLDIVB_L
00000913   USBPLLDIVB_H
00000914   USBPLLIR
00000914   USBPLLIR_L
00000915   USBPLLIR_H
00000920   USBIEPCNF_0
00000920   tEndPoint0DescriptorBlock
00000921   USBIEPCNT_0
00000922   USBOEPCNF_0
00000923   USBOEPCNT_0
0000092e   USBIEPIE
0000092f   USBOEPIE
00000930   USBIEPIFG
00000931   USBOEPIFG
00000932   USBVECINT
00000932   USBVECINT_L
00000933   USBVECINT_H
00000936   USBMAINT
00000936   USBMAINT_L
00000937   USBMAINT_H
00000938   USBTSREG
00000938   USBTSREG_L
00000939   USBTSREG_H
0000093a   USBFN
0000093a   USBFN_L
0000093b   USBFN_H
0000093c   USBCTL
0000093d   USBIE
0000093e   USBIFG
0000093f   USBFUNADR
00001c00   USBSTABUFF
00001c00   pbXBufferAddressEp1
00001c40   pbYBufferAddressEp1
00001c80   pbXBufferAddressEp81
00001cc0   pbYBufferAddressEp81
00001d00   pbXBufferAddressEp2
00001d40   pbYBufferAddressEp2
00001d80   pbXBufferAddressEp82
00001dc0   pbYBufferAddressEp82
00001e00   pbXBufferAddressEp3
00001e40   pbYBufferAddressEp3
00001e80   pbXBufferAddressEp83
00001ec0   pbYBufferAddressEp83
00001f00   pbXBufferAddressEp4
00001f40   pbYBufferAddressEp4
00001f80   pbXBufferAddressEp84
00001fc0   pbYBufferAddressEp84
00002000   pbXBufferAddressEp5
00002040   pbYBufferAddressEp5
00002080   pbXBufferAddressEp85
000020c0   pbYBufferAddressEp85
00002100   pbXBufferAddressEp6
00002140   pbYBufferAddressEp6
00002180   pbXBufferAddressEp86
000021c0   pbYBufferAddressEp86
00002200   pbXBufferAddressEp7
00002240   pbYBufferAddressEp7
00002280   pbXBufferAddressEp87
000022c0   pbYBufferAddressEp87
0000236f   USBTOPBUFF
00002370   USBOEP0BUF
00002370   abOEP0Buffer
00002378   USBIEP0BUF
00002378   abIEP0Buffer
00002380   USBSUBLK
00002380   tSetupPacket
00002388   USBOEPCNF_1
00002388   tOutputEndPointDescriptorBlock
00002389   USBOEPBBAX_1
0000238a   USBOEPBCTX_1
0000238d   USBOEPBBAY_1
0000238e   USBOEPBCTY_1
0000238f   USBOEPSIZXY_1
00002390   USBOEPCNF_2
00002391   USBOEPBBAX_2
00002392   USBOEPBCTX_2
00002395   USBOEPBBAY_2
00002396   USBOEPBCTY_2
00002397   USBOEPSIZXY_2
00002398   USBOEPCNF_3
00002399   USBOEPBBAX_3
0000239a   USBOEPBCTX_3
0000239d   USBOEPBBAY_3
0000239e   USBOEPBCTY_3
0000239f   USBOEPSIZXY_3
000023a0   USBOEPCNF_4
000023a1   USBOEPBBAX_4
000023a2   USBOEPBCTX_4
000023a5   USBOEPBBAY_4
000023a6   USBOEPBCTY_4
000023a7   USBOEPSIZXY_4
000023a8   USBOEPCNF_5
000023a9   USBOEPBBAX_5
000023aa   USBOEPBCTX_5
000023ad   USBOEPBBAY_5
000023ae   USBOEPBCTY_5
000023af   USBOEPSIZXY_5
000023b0   USBOEPCNF_6
000023b1   USBOEPBBAX_6
000023b2   USBOEPBCTX_6
000023b5   USBOEPBBAY_6
000023b6   USBOEPBCTY_6
000023b7   USBOEPSIZXY_6
000023b8   USBOEPCNF_7
000023b9   USBOEPBBAX_7
000023ba   USBOEPBCTX_7
000023bd   USBOEPBBAY_7
000023be   USBOEPBCTY_7
000023bf   USBOEPSIZXY_7
000023c8   USBIEPCNF_1
000023c8   tInputEndPointDescriptorBlock
000023c9   USBIEPBBAX_1
000023ca   USBIEPBCTX_1
000023cd   USBIEPBBAY_1
000023ce   USBIEPBCTY_1
000023cf   USBIEPSIZXY_1
000023d0   USBIEPCNF_2
000023d1   USBIEPBBAX_2
000023d2   USBIEPBCTX_2
000023d5   USBIEPBBAY_2
000023d6   USBIEPBCTY_2
000023d7   USBIEPSIZXY_2
000023d8   USBIEPCNF_3
000023d9   USBIEPBBAX_3
000023da   USBIEPBCTX_3
000023dd   USBIEPBBAY_3
000023de   USBIEPBCTY_3
000023df   USBIEPSIZXY_3
000023e0   USBIEPCNF_4
000023e1   USBIEPBBAX_4
000023e2   USBIEPBCTX_4
000023e5   USBIEPBBAY_4
000023e6   USBIEPBCTY_4
000023e7   USBIEPSIZXY_4
000023e8   USBIEPCNF_5
000023e9   USBIEPBBAX_5
000023ea   USBIEPBCTX_5
000023ed   USBIEPBBAY_5
000023ee   USBIEPBCTY_5
000023ef   USBIEPSIZXY_5
000023f0   USBIEPCNF_6
000023f1   USBIEPBBAX_6
000023f2   USBIEPBCTX_6
000023f5   USBIEPBBAY_6
000023f6   USBIEPBCTY_6
000023f7   USBIEPSIZXY_6
000023f8   USBIEPCNF_7
000023f9   USBIEPBBAX_7
000023fa   USBIEPBCTX_7
000023fd   USBIEPBBAY_7
000023fe   USBIEPBCTY_7
000023ff   USBIEPSIZXY_7
00002400   .bss
00002400   __bss__
00002400   logFlag
00002401   USBMSC_config
00002420   RW_dataBuf
00002820   PRW_dataBuf
00002822   RWbuf
00002824   timerAEvent
00002825   testa
00002826   testb
00002846   i
0000284a   MscWriteControl
00002864   MscReadControl
0000287a   MscControl
00002886   sRwbuf
000028a8   McsCbw
000028c8   McsCsw
000028d6   MscState
000028e8   Scsi_Standard_Inquiry_Data
000029e8   RequestSenseResponse
00002a08   Scsi_Read_Capacity_10
00002a10   Scsi_Mode_Sense_6
00002a14   Scsi_Mode_Sense_10
00002a1c   Scsi_Read_Format_Capacity
00002a28   i2caddress
00002a2a   tdata
00002b2c   rdata
00002b6e   numReadings
00002b70   xAccel
00002bb0   yAccel
00002bf0   zAccel
00002c30   RxBuffer
00002c50   MSData
00002c5a   sumX
00002c5e   sumY
00002c62   sumZ
00002c66   sumXsq
00002c6a   sumYsq
00002c6e   sumZsq
00002c72   meanX
00002c76   meanY
00002c7a   meanZ
00002c7e   totalnumReadings
00002c82   activityArray
00002c9a   activityLong
00002c9e   Activity
00002ca0   meas30Count
00002ca4   wBytesRemainingOnIEP0
00002ca6   wBytesRemainingOnOEP0
00002cae   abUsbRequestReturnData
00002cb6   abUsbRequestIncomingData
00002cbe   abramSerialStringDescriptor
00002ce0   bStatusAction
00002ce1   bFunctionSuspended
00002ce2   bEnumerationStatus
00002ce4   wUsbEventMask
00002ce6   VERSION
00002ce8   A0results
00002cee   A1results
00002cf4   A2results
00002cfa   A11results
00002d00   Red
00002d02   Green
00002d04   Blue
00002d06   index
00002d08   redlong
00002d0c   greenlong
00002d10   bluelong
00002d14   counts
00002d18   modecount
00002d1c   rangeFlag
00002d1e   USB_TX_memcpy
00002d22   USB_RX_memcpy
00002d26   eepromStatus
00002d28   eepromAddress
00002d2c   eepromPeriod
00002d2e   _lock
00002d32   _unlock
00002d36   _cleanup_ptr
00002d3a   _dtors_ptr
00002d3e   measCount
00002d40   timerAevent
00002d41   USBtiming
00002d42   __end__
00002d42   end
00004360   _stack
00004400   __STACK_END
00004400   iUsbInterruptHandler
0000450e   ADC12ISR
00004590   UNMI_ISR
000045ce   USCI_B0_ISR
000045f8   _c_int00
000045f8   _c_int00_noexit
00004622   TIMERB0_ISR
00004638   TIMER0_A0_ISR
00004644   __cinit__
00004644   cinit
000046ee   MSCFromHostToBuffer
00004ad0   USBMSC_bufferProcessed
00004e6a   MSCToHostFromBuffer
00005140   Scsi_Cmd_Parser
0000536e   readRGB
0000559a   readADXL
000057b4   main
0000597e   USBMSC_updateMediaInfo
00005ad2   Scsi_Inquiry
00005c04   eepromNum2Ascii
00005d36   USB_reset
00005e66   __fs_sub
00005e6c   __fs_add
00005f96   Scsi_Write10
000060c0   findActivityArray
000061ea   eepromFindAddress
0000630c   Check_CBW
00006418   Scsi_Read10
0000651c   Scsi_Request_Sense
00006620   logRGB
00006716   USBMSC_poll
00006802   Init_FLL
000068e6   USB_InitSerialStringDescriptor
000069c4   log
00006b74   eepromLog
00006c34   ReadLBA
00006cee   __fs_mpy
00006da4   USBMSC_registerBufInfo
00006eea   USB_connectionState
00006f80   usbDecodeAndProcessUsbRequest
00007012   __fs_div
000070a0   setupADXL
0000712e   usbGetEndpointStatus
000071bc   USB_enable
00007246   Reset_RequestSenseResponse
000072cc   Scsi_Unknown_Request
00007350   __fs_tol
000073ce   usbClearEndpointFeature
0000744a   MscCopyUsbToBuff
000074bc   WriteLBA
0000752e   eepromAscii2Num
000075a0   ADXLreset
0000760e   eepromWrite
0000767c   usbSendNextPacketOnIEP0
000076e8   USB_init
0000774e   MscSendData
000077b0   tbDelayMode
00007812   Init_Ports
00007872   eepromReset
000078d2   eepromRead
00007930   tbDelay
0000798c   __divul
0000798c   __remul
000079e4   i2cReceive
00007a3a   Scsi_Verify_CBW
00007a8e   findActivity
00007ae0   usbReceiveNextPacketOnOEP0
00007b30   Msc_ResetStruct
00007b7c   Get_TLV_Info
00007bc6   __fs_ltof
00007c10   PWRVBUSoffHandler
00007c58   SetupPacketInterruptHandler
00007ca0   usbSetEndpointFeature
00007ce8   USB_handleVbusOnEvent
00007d2e   _auto_init
00007d74   i2cTransmit
00007dba   __fs_tou
00007e00   usbGetStringDescriptor
00007e46   eepromMarkReset
00007e8a   flashWriteLBA
00007ece   USBMSC_getState
00007f10   SetVCore
00007f50   USB_handleVbusOffEvent
00007f90   eepromWriteLBA
00007fd0   __divli
00007fd0   __remli
00008010   L_ASR_15
00008014   L_ASR_14
00008018   L_ASR_13
0000801c   L_ASR_12
00008020   L_ASR_11
00008024   L_ASR_10
00008028   L_ASR_9
0000802c   L_ASR_8
00008030   L_ASR_7
00008034   L_ASR_6
00008038   L_ASR_5
0000803c   L_ASR_4
00008040   L_ASR_3
00008044   L_ASR_2
00008048   L_ASR_1
0000804e   L_LSL_15
00008052   L_LSL_14
00008056   L_LSL_13
0000805a   L_LSL_12
0000805e   L_LSL_11
00008062   L_LSL_10
00008066   L_LSL_9
0000806a   L_LSL_8
0000806e   L_LSL_7
00008072   L_LSL_6
00008076   L_LSL_5
0000807a   L_LSL_4
0000807e   L_LSL_3
00008082   L_LSL_2
00008086   L_LSL_1
0000808c   L_LSR_15
00008090   L_LSR_14
00008094   L_LSR_13
00008098   L_LSR_12
0000809c   L_LSR_11
000080a0   L_LSR_10
000080a4   L_LSR_9
000080a8   L_LSR_8
000080ac   L_LSR_7
000080b0   L_LSR_6
000080b4   L_LSR_5
000080b8   L_LSR_4
000080bc   L_LSR_3
000080c0   L_LSR_2
000080c4   L_LSR_1
000080ca   Scsi_Mode_Sense10
00008106   Scsi_Mode_Sense6
00008142   Scsi_Send_CSW
0000817e   USB_initMemcpy
000081b6   PWRVBUSonHandler
000081ec   USBMSC_reset
00008220   i2cActivate
00008254   USB_suspend
00008286   usbSetInterface
000082b8   Msc_ResetStateMachine
000082e8   USB_connectionInfo
00008318   XT2_Start
00008348   memcpyDMA0
00008378   eepromGetPeriod
000083a6   MscResetCtrlLun
000083d2   __divi
000083d2   __remi
000083fe   Scsi_Read_Capacity10
00008428   readBatVolt
00008452   usbGetDeviceStatus
0000847c   Init_Clock
000084a4   SET_RequestsenseMediaNotPresent
000084cc   SET_RequestsenseNotReady
000084f4   Scsi_Report_Luns
0000851c   RGBreset
00008542   OEP0InterruptHandler
00008566   MscResetData
00008588   USB_disable
000085aa   eepromReadLBA
000085cc   memcpyV
000085ee   __mpyl_f5hw
00008610   usbSendDataPacketOnEP0
00008632   usbSetAddress
00008652   usbSetConfiguration
00008672   eepromSetStatus
00008690   stopADXL
000086ae   usbGetInterface
000086cc   usbGetInterfaceStatus
000086ea   IEP0InterruptHandler
00008706   Get_MaxLUN
00008720   Init_StartUp
0000873a   USB_connect
00008754   __mpysl_f5hw
0000876e   __mpyul_f5hw
00008788   eepromGetStatus
000087a2   taStart
000087bc   usbStallEndpoint
000087d6   Scsi_Test_Unit_Ready
000087ee   USB_resume
00008806   strchr
0000881e   usbClearDeviceFeature
00008836   usbSetDeviceFeature
0000884e   __divu
0000884e   __remu
00008864   __mpyi_f5hw
0000887a   usbGetConfigurationDescriptor
00008890   usbGetDeviceDescriptor
000088a6   usbStallOutEndpoint
000088bc   logBatteryHours
000088d0   memset
000088e4   usbGetConfiguration
000088f8   memcpy
0000890a   usbClearOEPByteCount
0000891c   usbStallInEndpoint
0000892e   BatteryVoltage
0000893c   taStop
0000894a   usbInvalidRequest
00008958   usbSendZeroLengthPacketOnIEP0
00008966   I_LSL
00008970   usbStallEndpoint0
0000897a   USB_setEnabledEvents
00008982   XT2_Stop
0000898a   wdOff
00008992   wdReset_1000
0000899a   wdReset_16000
000089a2   Msc_ResetFlags
000089a8   USBMSC_fetchInfoStruct
000089ae   USB_getVersion
000089b4   usbClearOEP0ByteCount
000089ba   usbStallOEP0
000089c0   USBMSC_handleBufferEvent
000089c4   USB_handleClockEvent
000089c8   USB_handleEnumCompleteEvent
000089cc   USB_handleResetEvent
000089d0   USB_handleResumeEvent
000089d4   USB_handleSuspendEvent
000089d8   _system_pre_init
000089dc   C$$EXIT
000089dc   abort
000089e0   _nop
000089e2   tUsbRequestList
00008ade   abromStringDescriptor
00008b68   bScsi_Standard_Inquiry_Data
00008bac   abromConfigurationDescriptorGroup
00008bcc   abromDeviceDescriptor
00008bde   Report_Luns
00008bee   stUsbHandle
00008bfe   BYTES_PER_BLOCK
0000d000   MBR
0000d200   Partition
0000d400   FAT
0000d600   Root_Dir
0000d800   FAT_Const
0000da00   Root_Dir_Const
0000fffe   _reset_vector
ffffffff   .text
ffffffff   __binit__
ffffffff   __c_args__
ffffffff   __etext__
ffffffff   __pinit__
ffffffff   __text__
ffffffff   binit
ffffffff   etext
ffffffff   pinit

[1094 symbols]
